Running Jest tests...
node : stderr: ΓùÅ Validation Error:
At line:1 char:74
+ ... _output.txt; node run_tests_direct.js 2>&1 >> jest_output.txt; cat je ...
+                  ~~~~~~~~~~~~~~~~~~~~~~~~~~~~~~~~~~~~~~~~~~~~~~~~
    + CategoryInfo          : NotSpecified: (stderr: ΓùÅ Validation Error::String) [], RemoteException
    + FullyQualifiedErrorId : NativeCommandError
 

  Preset ts-jest not found.

  Configuration Documentation:
  https://jestjs.io/docs/configuration


child process exited with code 1
